// Jest Snapshot v1, https://goo.gl/fbAQLP

exports[`matches snapshot 1`] = `
<div
  className="d-flex justify-content-between align-items-center searchBar-container"
  data-testid="search-bar"
>
  <input
    className="search-bar"
    onChange={[Function]}
    placeholder="Search"
    type="search"
  />
  <select
    className="sort-container"
    onChange={[Function]}
  >
    <option
      value="id"
    >
      Id
    </option>
    <option
      value="title"
    >
      Title
    </option>
    <option
      value="userId"
    >
      User Id
    </option>
  </select>
</div>
`;
